| java.io | 0 | 0 | 21 | 10 | 31 | 0.6774193548387096 | 0.0 | 0.6774193548387096 | 0.0 | NaN | 0.3225806451612903 |
| java.lang | 0 | 0 | 44 | 103 | 147 | 0.29931972789115646 | 0.0 | 0.29931972789115646 | 0.0 | NaN | 0.7006802721088435 |
| java.lang.reflect | 0 | 0 | 0 | 4 | 4 | 0.0 | 0.0 | 0.0 | NaN | NaN | 1.0 |
| java.math | 0 | 0 | 0 | 16 | 16 | 0.0 | 0.0 | 0.0 | NaN | NaN | 1.0 |
| java.net | 0 | 0 | 5 | 0 | 5 | 1.0 | 0.0 | 1.0 | 0.0 | NaN | 0.0 |
| java.nio | 0 | 0 | 2 | 3 | 5 | 0.4 | 0.0 | 0.4 | 0.0 | NaN | 0.6 |
| java.nio.charset | 0 | 0 | 0 | 1 | 1 | 0.0 | 0.0 | 0.0 | NaN | NaN | 1.0 |
| java.nio.file | 0 | 0 | 1 | 1 | 2 | 0.5 | 0.0 | 0.5 | 0.0 | NaN | 0.5 |
| java.sql | 0 | 0 | 0 | 2 | 2 | 0.0 | 0.0 | 0.0 | NaN | NaN | 1.0 |
| java.text | 0 | 0 | 0 | 5 | 5 | 0.0 | 0.0 | 0.0 | NaN | NaN | 1.0 |
| java.time | 0 | 0 | 0 | 17 | 17 | 0.0 | 0.0 | 0.0 | NaN | NaN | 1.0 |
| java.time.chrono | 0 | 0 | 0 | 1 | 1 | 0.0 | 0.0 | 0.0 | NaN | NaN | 1.0 |
| java.time.format | 0 | 0 | 0 | 2 | 2 | 0.0 | 0.0 | 0.0 | NaN | NaN | 1.0 |
| java.util | 0 | 0 | 36 | 52 | 88 | 0.4090909090909091 | 0.0 | 0.4090909090909091 | 0.0 | NaN | 0.5909090909090909 |
| java.util.concurrent | 0 | 0 | 4 | 8 | 12 | 0.3333333333333333 | 0.0 | 0.3333333333333333 | 0.0 | NaN | 0.6666666666666666 |
| java.util.concurrent.atomic | 0 | 0 | 2 | 11 | 13 | 0.15384615384615385 | 0.0 | 0.15384615384615385 | 0.0 | NaN | 0.8461538461538461 |
| java.util.function | 0 | 0 | 0 | 1 | 1 | 0.0 | 0.0 | 0.0 | NaN | NaN | 1.0 |
| java.util.logging | 0 | 0 | 1 | 1 | 2 | 0.5 | 0.0 | 0.5 | 0.0 | NaN | 0.5 |
| java.util.regex | 0 | 0 | 3 | 1 | 4 | 0.75 | 0.0 | 0.75 | 0.0 | NaN | 0.25 |
| java.util.stream | 0 | 0 | 3 | 5 | 8 | 0.375 | 0.0 | 0.375 | 0.0 | NaN | 0.625 |
